{"id":23804,"user_id":23980,"slug":"test","is_banned":false,"playback_url":"https:\/\/fa723fc1b171.us-west-2.playback.live-video.net\/api\/video\/v1\/us-west-2.196233775518.channel.dXuZCpKZ8Bc3.m3u8?token=eyJ0eXAiOiJKV1QiLCJhbGciOiJFUzM4NCJ9.eyJhd3M6Y2hhbm5lbC1hcm4iOiJhcm46YXdzOml2czp1cy13ZXN0LTI6MTk2MjMzNzc1NTE4OmNoYW5uZWwvZFh1WkNwS1o4QmMzIiwiYXdzOmFjY2Vzcy1jb250cm9sLWFsbG93LW9yaWdpbiI6Imh0dHBzOi8va2ljay5jb20saHR0cHM6Ly93d3cuZ3N0YXRpYy5jb20saHR0cHM6Ly8qLmtpY2subGl2ZSxodHRwczovL3BsYXllci5raWNrLmNvbSxodHRwczovL2FkbWluLmtpY2suY29tLGh0dHBzOi8vYmV0YS5raWNrLmNvbSxodHRwczovL25leHQua2ljay5jb20iLCJhd3M6c3RyaWN0LW9yaWdpbi1lbmZvcmNlbWVudCI6ZmFsc2UsImV4cCI6MTcyNjg2NDIzMn0.3EKmtggibUXPvzQnlsCv_UC3uU2FuN5wXiZvGknHfNhh2B5jgWwjI2XM_5FwMKWpFHZpBt0ffMcEX685101kQD71Da_oo8esRqekVogTRrh9qkD9R4g27pGVNdLuerJM","vod_enabled":true,"subscription_enabled":true,"followers_count":578,"subscriber_badges":[],"livestream":null,"role":null,"muted":false,"follower_badges":[],"offline_banner_image":null,"verified":false,"recent_categories":[],"can_host":true,"user":{"id":23980,"username":"test","agreed_to_terms":true,"email_verified_at":"2022-11-26T23:33:18.000000Z","bio":"luh tonka","country":"","state":"","city":"","instagram":"","twitter":"","youtube":"","discord":"","tiktok":"","facebook":"","profile_pic":"https:\/\/files.kick.com\/images\/user\/23980\/profile_image\/conversion\/fb6e6e2b-e0ef-46cb-8fda-8cfaacd62b63-fullsize.webp"},"chatroom":{"id":23803,"chatable_type":"App\\Models\\Channel","channel_id":23804,"created_at":"2022-11-26T23:32:48.000000Z","updated_at":"2023-05-05T18:28:36.000000Z","chat_mode_old":"public","chat_mode":"public","slow_mode":false,"chatable_id":23804,"followers_mode":false,"subscribers_mode":false,"emotes_mode":false,"message_interval":0,"following_min_duration":0}}